Running Gradle task 'assembleDebug'...                          
flutter : 
lib/screens/main_screen.dart:78:16: 
Error: The argument type 'Builder' 
can't be assigned to the parameter 
type 'Widget 
Function(BuildContext)'.
At line:1 char:1
+ flutter build apk --debug 
--no-pub > build_output.txt 2>&1
+ ~~~~~~~~~~~~~~~~~~~~~~~~~~~~~~~~~~
~~~~~~~~~~~~~~~~~~~~~~~~
    + CategoryInfo          : NotSp 
   ecified: (lib/screens/mai...Bui  
  ldContext)'.:String) [], Remote   
 Exception
    + FullyQualifiedErrorId : Nativ 
   eCommandError
 
 - 'Builder' is from 'package:flutte
r/src/widgets/basic.dart' ('../../..
/flutter/packages/flutter/lib/src/wi
dgets/basic.dart').
 - 'Widget' is from 'package:flutter
/src/widgets/framework.dart' ('../..
/../flutter/packages/flutter/lib/src
/widgets/framework.dart').
 - 'BuildContext' is from 'package:f
lutter/src/widgets/framework.dart' (
'../../../flutter/packages/flutter/l
ib/src/widgets/framework.dart').
      builder: Builder(builder: 
(scContext) => Scaffold(
               ^
Target kernel_snapshot_program 
failed: Exception


FAILURE: Build failed with an 
exception.

* What went wrong:
Execution failed for task 
':app:compileFlutterBuildDebug'.
> Process 'command 'C:\Users\Youssef
356\flutter\bin\flutter.bat'' 
finished with non-zero exit value 1

* Try:
> Run with --stacktrace option to 
get the stack trace.
> Run with --info or --debug option 
to get more log output.
> Run with --scan to get full 
insights.
> Get more help at 
https://help.gradle.org.

BUILD FAILED in 8s
Running Gradle task 'assembleDebug'...                              8.5s
Gradle task assembleDebug failed 
with exit code 1
