Analyzing ar_explorer...                                        

  error - The name 'ProgressService' isn't a type, so it can't be used as a type argument - lib\screens\home_screen.dart:104:46 - non_type_as_type_argument
  error - The property 'username' can't be unconditionally accessed because the receiver can be 'null' - lib\screens\home_screen.dart:109:64 - unchecked_use_of_nullable_value
  error - The name 'ProgressService' isn't a type, so it can't be used as a type argument - lib\screens\home_screen.dart:188:24 - non_type_as_type_argument
  error - The method 'isModuleUnlocked' can't be unconditionally invoked because the receiver can be 'null' - lib\screens\home_screen.dart:195:52 - unchecked_use_of_nullable_value
  error - The method 'moduleProgress' can't be unconditionally invoked because the receiver can be 'null' - lib\screens\home_screen.dart:201:40 - unchecked_use_of_nullable_value
  error - The name 'ProgressService' isn't a type, so it can't be used as a type argument - lib\screens\home_screen.dart:274:24 - non_type_as_type_argument
  error - The method 'isCurriculumComplete' can't be unconditionally invoked because the receiver can be 'null' - lib\screens\home_screen.dart:277:47 - unchecked_use_of_nullable_value
  error - The name 'ProgressService' isn't a type, so it can't be used as a type argument - lib\screens\home_screen.dart:405:21 - non_type_as_type_argument
  error - The method 'isTopicCompleted' can't be unconditionally invoked because the receiver can be 'null' - lib\screens\home_screen.dart:414:42 - unchecked_use_of_nullable_value
  error - The name 'ProgressService' isn't a type, so it can't be used as a type argument - lib\screens\home_screen.dart:721:48 - non_type_as_type_argument
   info - Don't use 'BuildContext's across async gaps - lib\screens\home_screen.dart:722:43 - use_build_context_synchronously
   info - Don't use 'BuildContext's across async gaps - lib\screens\home_screen.dart:723:50 - use_build_context_synchronously
   info - 'activeColor' is deprecated and shouldn't be used. Use activeThumbColor instead. This feature was deprecated after v3.31.0-2.0.pre - lib\screens\home_screen.dart:881:25 - deprecated_member_use
  error - The name 'ProgressService' isn't a type, so it can't be used as a type argument - lib\screens\home_screen.dart:890:30 - non_type_as_type_argument
  error - The property 'debugUnlockAll' can't be unconditionally accessed because the receiver can be 'null' - lib\screens\home_screen.dart:901:41 - unchecked_use_of_nullable_value
   info - 'activeColor' is deprecated and shouldn't be used. Use activeThumbColor instead. This feature was deprecated after v3.31.0-2.0.pre - lib\screens\home_screen.dart:902:25 - deprecated_member_use
  error - The method 'toggleDebugUnlock' can't be unconditionally invoked because the receiver can be 'null' - lib\screens\home_screen.dart:903:54 - unchecked_use_of_nullable_value
  error - The name 'ProgressService' isn't a type, so it can't be used as a type argument - lib\screens\home_screen.dart:930:35 - non_type_as_type_argument

